
> portfolio@0.1.0 build
> set NODE_OPTIONS=--max-old-space-size=4096 && craco build

Creating an optimized production build...
node.exe : Browserslist: browsers data (caniuse-lite) is 8 months old. Please run:
位於 C:\Program Files\nodejs\npm.ps1:29 字元:3
+   & $NODE_EXE $NPM_CLI_JS $args
+   ~~~~~~~~~~~~~~~~~~~~~~~~~~~~~
    + CategoryInfo          : NotSpecified: (Browserslist: b...ld. Please run::String) [], RemoteException
    + FullyQualifiedErrorId : NativeCommandError
 
  npx update-browserslist-db@latest
  Why you should do it regularly: https://github.com/browserslist/update-db#readme
Browserslist: browsers data (caniuse-lite) is 8 months old. Please run:
  npx update-browserslist-db@latest
  Why you should do it regularly: https://github.com/browserslist/update-db#readme
Browserslist: browsers data (caniuse-lite) is 8 months old. Please run:
  npx update-browserslist-db@latest
  Why you should do it regularly: https://github.com/browserslist/update-db#readme
Failed to compile.

TS2686: 'React' refers to a UMD global, but the current file is a module. Consider adding an import instead.
  [0m [90m 141 |[39m }
   [90m 142 |[39m
  [31m[1m>[22m[39m[90m 143 |[39m [36mexport[39m [36mdefault[39m [33mReact[39m[33m.[39mmemo([33mHeader[39m)[33m;[39m
   [90m     |[39m                [31m[1m^[22m[39m[31m[1m^[22m[39m[31m[1m^[22m[39m[31m[1m^[22m[39m[31m[1m^[22m[39m[0m


